exports[`<FilterList /> renders correctly 1`] = `
<div
  style={
    Object {
      "marginBottom": "3rem",
    }
  } />
`;
