exports[`<MaterialSnippet /> renders correctly 1`] = `
<li>
  <section>
    <p>
      es
    </p>
    <button
      disabled={false}
      href={undefined}
      onBlur={[Function]}
      onClick={[Function]}
      onFocus={[Function]}
      onKeyDown={[Function]}
      onKeyUp={[Function]}
      onMouseEnter={[Function]}
      onMouseLeave={[Function]}
      onTouchStart={[Function]}
      onTouchTap={[Function]}
      style={
        Object {
          "WebkitTapHighlightColor": "rgba(0, 0, 0, 0)",
          "backgroundColor": "rgba(0, 0, 0, 0)",
          "border": 10,
          "borderRadius": 2,
          "boxSizing": "border-box",
          "color": "#00bcd4",
          "cursor": "pointer",
          "display": "inline-block",
          "fontFamily": "Roboto, sans-serif",
          "fontSize": "inherit",
          "fontWeight": "inherit",
          "height": 36,
          "lineHeight": "36px",
          "margin": 0,
          "minWidth": 88,
          "muiPrepared": true,
          "outline": "none",
          "overflow": "hidden",
          "padding": 0,
          "position": "relative",
          "textAlign": "center",
          "textDecoration": "none",
          "transition": "all 450ms cubic-bezier(0.23, 1, 0.32, 1) 0ms",
          "userSelect": "none",
          "verticalAlign": null,
          "zIndex": 1,
        }
      }
      tabIndex={0}
      type="button">
      <div
        onMouseDown={[Function]}
        onMouseLeave={[Function]}
        onMouseUp={[Function]}
        onTouchEnd={[Function]}
        onTouchStart={[Function]}>
        <span
          style={
            Object {
              "fontSize": 14,
              "fontWeight": 500,
              "letterSpacing": 0,
              "muiPrepared": true,
              "paddingLeft": 16,
              "paddingRight": 16,
              "position": "relative",
              "textTransform": "uppercase",
              "verticalAlign": "middle",
            }
          }>
          Las aventuras de Wilfred y Zoe.
        </span>
      </div>
    </button>
    <p>
      Cuento realizado por una usuaria de AFTEA, adaptado a pictogramas por sus terapeutas, sobre las aventuras de dos amigos, un perro y una gata, que se pierden en la selva y viven una gran aventura hasta encontrar a sus dueños. Corren peligros y... ¡hacen amigos!.  http:://www.aftea.org 
    </p>
  </section>
</li>
`;
